---
source: crates/opex-core/src/gateway/handlers/agents/dto.rs
expression: dto
---
{
  "name": "SnapshotMin",
  "language": "ru",
  "profile": "Default",
  "capabilities": {
    "text": false,
    "stt": false,
    "tts": false,
    "vision": false,
    "imagegen": false,
    "websearch": false
  },
  "temperature": 1.0,
  "max_tokens": null,
  "access": null,
  "heartbeat": null,
  "tools": null,
  "compaction": null,
  "skill_review": null,
  "session": null,
  "icon_url": null,
  "max_tools_in_context": null,
  "tool_loop": null,
  "tool_dispatcher": {
    "enabled": false,
    "core_extra": [],
    "promotion_max": 8
  },
  "soul": {
    "enabled": false,
    "reflection_threshold": 150.0,
    "reflection_cooldown_minutes": 60,
    "context_top_k": 6,
    "context_budget_tokens": 800,
    "max_events_per_session": 10
  },
  "drift": {
    "enabled": false,
    "threshold": 0.15,
    "min_history": 6,
    "baseline_turns": 8,
    "z_fire": 2.5,
    "z_release": 1.0,
    "correct": false,
    "ecp": false,
    "ecp_recent_turns": 1
  },
  "initiative": {
    "enabled": false,
    "daily_proposal_cap": 1,
    "decompose": false,
    "daily_plan": false,
    "auto_approve_day_plan": false,
    "daily_token_budget": 0
  },
  "emotion": {
    "enabled": false,
    "intensity_importance_k": 3.0,
    "blend_rate": 0.3,
    "decay_half_life_hours": 12.0,
    "render_to_prompt": false
  },
  "approval": null,
  "routing": [],
  "watchdog": null,
  "hooks": null,
  "max_history_messages": null,
  "daily_budget_tokens": 0,
  "max_failover_attempts": 3,
  "is_running": false,
  "config_dirty": false
}
