---
source: crates/opex-core/src/gateway/handlers/agents/dto.rs
expression: dto
---
{
  "name": "SnapshotMin",
  "language": "ru",
  "profile": "Default",
  "capabilities": {
    "text": false,
    "stt": false,
    "tts": false,
    "vision": false,
    "imagegen": false,
    "websearch": false
  },
  "temperature": 1.0,
  "max_tokens": null,
  "access": null,
  "heartbeat": null,
  "tools": null,
  "compaction": null,
  "skill_review": null,
  "session": null,
  "icon_url": null,
  "max_tools_in_context": null,
  "tool_loop": null,
  "tool_dispatcher": {
    "enabled": false,
    "core_extra": [],
    "promotion_max": 8
  },
  "approval": null,
  "routing": [],
  "watchdog": null,
  "hooks": null,
  "max_history_messages": null,
  "daily_budget_tokens": 0,
  "max_failover_attempts": 3,
  "is_running": false,
  "config_dirty": false
}
