---
source: crates/opex-core/src/gateway/handlers/agents/dto.rs
expression: dto
---
{
  "name": "SnapshotMin",
  "language": "ru",
  "profile": "Default",
  "capabilities": {
    "text": false,
    "stt": false,
    "tts": false,
    "vision": false,
    "imagegen": false,
    "websearch": false
  },
  "icon_url": null,
  "temperature": 1.0,
  "has_access": false,
  "access_mode": null,
  "has_heartbeat": false,
  "heartbeat_cron": null,
  "heartbeat_timezone": null,
  "tool_policy": null,
  "routing_count": 0,
  "is_running": false,
  "config_dirty": false,
  "base": false
}
