---
source: crates/hydeclaw-core/src/gateway/handlers/agents/dto.rs
expression: dto
---
{
  "name": "SnapshotMin",
  "language": "ru",
  "model": "claude-3-5-sonnet-20241022",
  "provider": "anthropic",
  "provider_connection": null,
  "fallback_provider": null,
  "icon_url": null,
  "temperature": 1.0,
  "has_access": false,
  "access_mode": null,
  "has_heartbeat": false,
  "heartbeat_cron": null,
  "heartbeat_timezone": null,
  "tool_policy": null,
  "routing_count": 0,
  "is_running": false,
  "config_dirty": false,
  "base": false
}
